// Jest Snapshot v1, https://goo.gl/fbAQLP

exports[`snapshot of the all cocktails page 1`] = `
<div
  className="container-fluid row wrapper"
>
  <div
    className="col-md-3"
  >
    <div
      className="card bg-warning mb-3"
      data-testid="cocktail-card"
      style={
        Object {
          "width": "20rem",
        }
      }
    >
      <img
        className="card-img-top"
      />
      <div
        className="card-body"
      >
        <h6
          className="card-title fw-bold"
        />
        <a
          className="btn btn-danger btn-block"
          href="/cocktail/0"
          onClick={[Function]}
        >
          Cocktail
        </a>
      </div>
    </div>
  </div>
</div>
`;
