// Jest Snapshot v1, https://goo.gl/fbAQLP

exports[`Home component should render the search component 1`] = `
<DocumentFragment>
  <div
    class="sub-header container-fluid d-flex flex-direction-column justify-content-between"
  >
    <div
      class="d-flex flex-direction-column offer"
    >
      <h4
        class="fw-bold"
      >
        NOVEMBER BLACK FRIDAY SALES
      </h4>
      <p
        class="discount py-1"
      >
        Up to 50% off
      </p>
      <p
        class="live-now blink"
      >
        LIVE NOW
      </p>
    </div>
    <div
      class="form-outline my-3 Searchbar"
    >
      <input
        class="form-control"
        placeholder="Search cocktail by name.."
        type="text"
      />
    </div>
  </div>
</DocumentFragment>
`;
