// Jest Snapshot v1, https://goo.gl/fbAQLP

exports[`All Cocktails Reducer returned initial state should match snapshot 1`] = `
Object {
  "cocktails": Array [],
  "error": "",
}
`;
